 
****************************************
Report : area
Design : combinational_trojan_or_10
Version: V-2023.12-SP5
Date   : Mon Aug 25 14:13:38 2025
****************************************

Information: Updating design information... (UID-85)
Library(s) Used:

    gscl45nm (File: /home/UFAD/a.chatterjee/Desktop/lab_work/oasis/lib/gsc/db/gscl45nm.db)

Number of ports:                           19
Number of nets:                            28
Number of cells:                           16
Number of combinational cells:             16
Number of sequential cells:                 0
Number of macros/black boxes:               0
Number of buf/inv:                          1
Number of references:                       5

Combinational area:                 60.539699
Buf/Inv area:                        2.346500
Noncombinational area:               0.000000
Macro/Black Box area:                0.000000
Net Interconnect area:      undefined  (No wire load specified)

Total cell area:                    60.539699
Total area:                 undefined
1
