 
****************************************
Report : timing
        -path full
        -delay max
        -max_paths 1
Design : combinational_trojan_or_10
Version: V-2023.12-SP5
Date   : Mon Aug 25 14:13:38 2025
****************************************

Operating Conditions: typical   Library: gscl45nm
Wire Load Model Mode: top

  Startpoint: data_in[1] (input port)
  Endpoint: data_payload_out[7]
            (output port)
  Path Group: (none)
  Path Type: max

  Point                                    Incr       Path
  -----------------------------------------------------------
  input external delay                     0.00       0.00 f
  data_in[1] (in)                          0.00       0.00 f
  U20/Y (NAND3X1)                          0.03       0.03 r
  U8/Y (BUFX2)                             0.06       0.09 r
  U6/Y (AND2X1)                            0.06       0.15 r
  U9/Y (AND2X1)                            0.05       0.20 r
  add_29_aco/U1_2/YC (FAX1)                0.07       0.27 r
  U10/Y (AND2X1)                           0.05       0.32 r
  U11/Y (AND2X1)                           0.05       0.36 r
  U12/Y (AND2X1)                           0.05       0.41 r
  U7/Y (AND2X1)                            0.04       0.45 r
  U19/Y (XOR2X1)                           0.05       0.49 r
  data_payload_out[7] (out)                0.00       0.49 r
  data arrival time                                   0.49
  -----------------------------------------------------------
  (Path is unconstrained)


1
