 
****************************************
Report : timing
        -path full
        -delay max
        -max_paths 1
Design : combinational_trojan
Version: V-2023.12-SP5
Date   : Wed Apr 23 10:18:19 2025
****************************************

Operating Conditions: typical   Library: gscl45nm
Wire Load Model Mode: top

  Startpoint: addr[18] (input port clocked by clk)
  Endpoint: data_out[7]
            (output port clocked by clk)
  Path Group: clk
  Path Type: max

  Point                                    Incr       Path
  -----------------------------------------------------------
  clock clk (rise edge)                    0.00       0.00
  clock network delay (ideal)              0.00       0.00
  input external delay                     0.00       0.00 f
  addr[18] (in)                            0.00       0.00 f
  U101/Y (NOR3X1)                          0.05       0.05 r
  U72/Y (AND2X2)                           0.03       0.08 r
  U180/Y (AND2X2)                          0.03       0.12 r
  U181/Y (INVX1)                           0.02       0.14 f
  U204/Y (NOR3X1)                          0.03       0.16 r
  U139/Y (AND2X2)                          0.04       0.20 r
  U77/Y (OR2X2)                            0.04       0.24 r
  U163/Y (AND2X2)                          0.03       0.27 r
  U164/Y (INVX1)                           0.02       0.28 f
  U131/Y (MUX2X1)                          0.03       0.31 r
  data_out[7] (out)                        0.00       0.31 r
  data arrival time                                   0.31

  clock clk (rise edge)                    0.00       0.00
  clock network delay (ideal)              0.00       0.00
  output external delay                    0.00       0.00
  data required time                                  0.00
  -----------------------------------------------------------
  data required time                                  0.00
  data arrival time                                  -0.31
  -----------------------------------------------------------
  slack (VIOLATED)                                   -0.31


1
