 
****************************************
Report : area
Design : combinational_trojan
Version: V-2023.12-SP5
Date   : Wed Apr 23 10:18:18 2025
****************************************

Information: Updating design information... (UID-85)
Library(s) Used:

    gscl45nm (File: /home/UFAD/a.chatterjee/Desktop/lab_work/oasis/lib/gsc/db/gscl45nm.db)

Number of ports:                           39
Number of nets:                           209
Number of cells:                          178
Number of combinational cells:            177
Number of sequential cells:                 1
Number of macros/black boxes:               0
Number of buf/inv:                         79
Number of references:                      14

Combinational area:                397.497092
Buf/Inv area:                      118.263598
Noncombinational area:               7.978100
Macro/Black Box area:                0.000000
Net Interconnect area:      undefined  (No wire load specified)

Total cell area:                   405.475192
Total area:                 undefined
1
