 
****************************************
Report : timing
        -path full
        -delay max
        -max_paths 1
Design : sequential_trojan
Version: V-2023.12-SP5
Date   : Sat Apr 19 21:44:44 2025
****************************************

Operating Conditions: typical   Library: gscl45nm
Wire Load Model Mode: top

  Startpoint: weight_addr[1]
              (input port clocked by clk)
  Endpoint: weight_out[4]
            (output port clocked by clk)
  Path Group: clk
  Path Type: max

  Point                                    Incr       Path
  -----------------------------------------------------------
  clock clk (rise edge)                    0.00       0.00
  clock network delay (ideal)              0.00       0.00
  input external delay                     0.00       0.00 r
  weight_addr[1] (in)                      0.00       0.00 r
  U104/Y (INVX1)                           0.01       0.01 f
  U103/Y (AND2X2)                          0.03       0.05 f
  U291/Y (NAND3X1)                         0.03       0.08 r
  U209/Y (OR2X2)                           0.04       0.11 r
  U210/Y (INVX1)                           0.02       0.13 f
  U293/Y (NAND3X1)                         0.03       0.16 r
  U285/Y (OR2X2)                           0.04       0.21 r
  U357/Y (INVX1)                           0.02       0.23 f
  U222/Y (AND2X2)                          0.03       0.26 f
  U223/Y (INVX1)                           0.00       0.26 r
  U219/Y (AND2X2)                          0.03       0.29 r
  U220/Y (INVX1)                           0.02       0.31 f
  U231/Y (AND2X2)                          0.04       0.35 f
  U198/Y (XOR2X1)                          0.02       0.37 r
  weight_out[4] (out)                      0.00       0.37 r
  data arrival time                                   0.37

  clock clk (rise edge)                    0.00       0.00
  clock network delay (ideal)              0.00       0.00
  output external delay                    0.00       0.00
  data required time                                  0.00
  -----------------------------------------------------------
  data required time                                  0.00
  data arrival time                                  -0.37
  -----------------------------------------------------------
  slack (VIOLATED)                                   -0.37


1
