 
****************************************
Report : area
Design : sequential_trojan
Version: V-2023.12-SP5
Date   : Sat Apr 19 21:44:43 2025
****************************************

Information: Updating design information... (UID-85)
Library(s) Used:

    gscl45nm (File: /home/UFAD/a.chatterjee/Desktop/lab_work/oasis/lib/gsc/db/gscl45nm.db)

Number of ports:                          100
Number of nets:                           381
Number of cells:                          297
Number of combinational cells:            292
Number of sequential cells:                 5
Number of macros/black boxes:               0
Number of buf/inv:                        112
Number of references:                      18

Combinational area:                677.199886
Buf/Inv area:                      165.662897
Noncombinational area:              39.890499
Macro/Black Box area:                0.000000
Net Interconnect area:      undefined  (No wire load specified)

Total cell area:                   717.090385
Total area:                 undefined
1
