Loading db file '/home/UFAD/a.chatterjee/Desktop/lab_work/oasis/lib/gsc/db/gscl45nm.db'
Information: Propagating switching activity (low effort zero delay simulation). (PWR-6)
Warning: There is no defined clock in the design. (PWR-80)
Warning: Design has unannotated primary inputs. (PWR-414)
 
****************************************
Report : power
        -analysis_effort low
Design : sequential_trojan
Version: V-2023.12-SP5
Date   : Wed Apr 23 08:16:07 2025
****************************************


Library(s) Used:

    gscl45nm (File: /home/UFAD/a.chatterjee/Desktop/lab_work/oasis/lib/gsc/db/gscl45nm.db)


Operating Conditions: typical   Library: gscl45nm
Wire Load Model Mode: top


Global Operating Voltage = 1.1  
Power-specific unit information :
    Voltage Units = 1V
    Capacitance Units = 1.000000pf
    Time Units = 1ns
    Dynamic Power Units = 1mW    (derived from V,C,T units)
    Leakage Power Units = 1nW


Attributes
----------
i - Including register clock pin internal power


  Cell Internal Power  =  27.2100 uW   (68%)
  Net Switching Power  =  12.8436 uW   (32%)
                         ---------
Total Dynamic Power    =  40.0536 uW  (100%)

Cell Leakage Power     =   1.7528 uW


                 Internal         Switching           Leakage            Total
Power Group      Power            Power               Power              Power   (   %    )  Attrs
--------------------------------------------------------------------------------------------------
io_pad             0.0000            0.0000            0.0000            0.0000  (   0.00%)
memory             0.0000            0.0000            0.0000            0.0000  (   0.00%)
black_box          0.0000            0.0000            0.0000            0.0000  (   0.00%)
clock_network      0.0000            0.0000            0.0000            0.0000  (   0.00%)  i
register           0.0000            0.0000            0.0000            0.0000  (   0.00%)
sequential         0.0000            0.0000            0.0000            0.0000  (   0.00%)
combinational  2.7210e-02        1.2844e-02        1.7528e+03        4.1806e-02  ( 100.00%)
--------------------------------------------------------------------------------------------------
Total          2.7210e-02 mW     1.2844e-02 mW     1.7528e+03 nW     4.1806e-02 mW
1
