 
****************************************
Report : timing
        -path full
        -delay max
        -max_paths 1
Design : sequential_trojan
Version: V-2023.12-SP5
Date   : Wed Apr 23 08:16:07 2025
****************************************

Operating Conditions: typical   Library: gscl45nm
Wire Load Model Mode: top

  Startpoint: addr[6] (input port clocked by clk)
  Endpoint: data_out[2]
            (output port clocked by clk)
  Path Group: clk
  Path Type: max

  Point                                    Incr       Path
  -----------------------------------------------------------
  clock clk (rise edge)                    0.00       0.00
  clock network delay (ideal)              0.00       0.00
  input external delay                     0.00       0.00 f
  addr[6] (in)                             0.00       0.00 f
  U49/Y (NOR3X1)                           0.05       0.05 r
  U44/Y (INVX2)                            0.02       0.07 f
  U56/Y (NOR3X1)                           0.03       0.10 r
  U45/Y (INVX2)                            0.02       0.12 f
  U93/Y (OR2X2)                            0.04       0.16 f
  U88/Y (OR2X2)                            0.04       0.20 f
  U163/Y (INVX1)                           0.00       0.20 r
  U92/Y (INVX1)                            0.01       0.21 f
  U156/Y (AOI22X1)                         0.03       0.24 r
  U113/Y (BUFX2)                           0.04       0.27 r
  U154/Y (NAND2X1)                         0.01       0.28 f
  data_out[2] (out)                        0.00       0.28 f
  data arrival time                                   0.28

  clock clk (rise edge)                    0.00       0.00
  clock network delay (ideal)              0.00       0.00
  output external delay                    0.00       0.00
  data required time                                  0.00
  -----------------------------------------------------------
  data required time                                  0.00
  data arrival time                                  -0.28
  -----------------------------------------------------------
  slack (VIOLATED)                                   -0.28


1
