Loading db file '/home/UFAD/a.chatterjee/Desktop/lab_work/oasis/lib/gsc/db/gscl45nm.db'
Information: Propagating switching activity (low effort zero delay simulation). (PWR-6)
Warning: There is no defined clock in the design. (PWR-80)
Warning: Design has unannotated primary inputs. (PWR-414)
Warning: Design has unannotated sequential cell outputs. (PWR-415)
 
****************************************
Report : power
        -analysis_effort low
Design : sequential_trojan
Version: V-2023.12-SP5
Date   : Sat Apr 19 21:44:44 2025
****************************************


Library(s) Used:

    gscl45nm (File: /home/UFAD/a.chatterjee/Desktop/lab_work/oasis/lib/gsc/db/gscl45nm.db)


Operating Conditions: typical   Library: gscl45nm
Wire Load Model Mode: top


Global Operating Voltage = 1.1  
Power-specific unit information :
    Voltage Units = 1V
    Capacitance Units = 1.000000pf
    Time Units = 1ns
    Dynamic Power Units = 1mW    (derived from V,C,T units)
    Leakage Power Units = 1nW


Attributes
----------
i - Including register clock pin internal power


  Cell Internal Power  =  38.0068 uW   (67%)
  Net Switching Power  =  18.3983 uW   (33%)
                         ---------
Total Dynamic Power    =  56.4050 uW  (100%)

Cell Leakage Power     =   3.4011 uW


                 Internal         Switching           Leakage            Total
Power Group      Power            Power               Power              Power   (   %    )  Attrs
--------------------------------------------------------------------------------------------------
io_pad             0.0000            0.0000            0.0000            0.0000  (   0.00%)
memory             0.0000            0.0000            0.0000            0.0000  (   0.00%)
black_box          0.0000            0.0000            0.0000            0.0000  (   0.00%)
clock_network      0.0000            0.0000            0.0000            0.0000  (   0.00%)  i
register           0.0000            0.0000          274.8870        2.7489e-04  (   0.46%)
sequential         0.0000            0.0000            0.0000            0.0000  (   0.00%)
combinational  3.8007e-02        1.8398e-02        3.1263e+03        5.9531e-02  (  99.54%)
--------------------------------------------------------------------------------------------------
Total          3.8007e-02 mW     1.8398e-02 mW     3.4011e+03 nW     5.9806e-02 mW
1
