 
****************************************
Report : area
Design : sequential_trojan
Version: V-2023.12-SP5
Date   : Wed Apr 23 08:16:06 2025
****************************************

Information: Updating design information... (UID-85)
Library(s) Used:

    gscl45nm (File: /home/UFAD/a.chatterjee/Desktop/lab_work/oasis/lib/gsc/db/gscl45nm.db)

Number of ports:                           39
Number of nets:                           157
Number of cells:                          128
Number of combinational cells:            128
Number of sequential cells:                 0
Number of macros/black boxes:               0
Number of buf/inv:                         51
Number of references:                      13

Combinational area:                303.167794
Buf/Inv area:                       77.903799
Noncombinational area:               0.000000
Macro/Black Box area:                0.000000
Net Interconnect area:      undefined  (No wire load specified)

Total cell area:                   303.167794
Total area:                 undefined
1
