Warning: Design 'lenet_top' has '4' unresolved references. For more detailed information, use the "link" command. (UID-341)
 
****************************************
Report : area
Design : lenet_top
Version: V-2023.12-SP5
Date   : Wed Jun  4 13:07:20 2025
****************************************

Information: Updating design information... (UID-85)
Warning: Design 'lenet_top' contains 1 high-fanout nets. A fanout number of 1000 will be used for delay calculations involving these nets. (TIM-134)
Library(s) Used:

    gscl45nm (File: /home/UFAD/a.chatterjee/Desktop/lab_work/oasis/lib/gsc/db/gscl45nm.db)

Number of ports:                           89
Number of nets:                         48906
Number of cells:                        42150
Number of combinational cells:          38943
Number of sequential cells:              3205
Number of macros/black boxes:               0
Number of buf/inv:                      10914
Number of references:                      24

Combinational area:             132421.911572
Buf/Inv area:                    15857.646706
Noncombinational area:           25132.422375
Macro/Black Box area:                0.000000
Net Interconnect area:      undefined  (No wire load specified)

Total cell area:                157554.333947
Total area:                 undefined

Information: This design contains black box (unknown) components. (RPT-8)
1
