Warning: Design 'lenet_top' has '4' unresolved references. For more detailed information, use the "link" command. (UID-341)
 
****************************************
Report : timing
        -path full
        -delay max
        -max_paths 1
Design : lenet_top
Version: V-2023.12-SP5
Date   : Wed Jun  4 13:07:25 2025
****************************************

 # A fanout number of 1000 was used for high fanout net computations.

Operating Conditions: typical   Library: gscl45nm
Wire Load Model Mode: top

  Startpoint: u_fc_2/out_result_reg[63]
              (rising edge-triggered flip-flop)
  Endpoint: result[63] (output port)
  Path Group: (none)
  Path Type: max

  Point                                                   Incr       Path
  --------------------------------------------------------------------------
  u_fc_2/out_result_reg[63]/CLK (DFFPOSX1)                0.00 #     0.00 r
  u_fc_2/out_result_reg[63]/Q (DFFPOSX1)                  0.10       0.10 f
  result[63] (out)                                        0.00       0.10 f
  data arrival time                                                  0.10
  --------------------------------------------------------------------------
  (Path is unconstrained)


1
