 
****************************************
Report : timing
        -path full
        -delay max
        -max_paths 1
Design : vgg16_top
Version: V-2023.12-SP5
Date   : Tue Aug 26 20:51:26 2025
****************************************

Operating Conditions: typical   Library: gscl45nm
Wire Load Model Mode: top

  Startpoint: vgg16_conv/count_reg[31]
              (rising edge-triggered flip-flop clocked by clk)
  Endpoint: vgg16_conv/vgg16_bram_addra_reg[19]
            (rising edge-triggered flip-flop clocked by clk)
  Path Group: clk
  Path Type: max

  Point                                                   Incr       Path
  --------------------------------------------------------------------------
  clock clk (rise edge)                                   0.00       0.00
  clock network delay (ideal)                             0.00       0.00
  vgg16_conv/count_reg[31]/CLK (DFFPOSX1)                 0.00       0.00 r
  vgg16_conv/count_reg[31]/Q (DFFPOSX1)                   0.11       0.11 f
  U3631/Y (NAND2X1)                                       0.03       0.14 r
  U3495/Y (XNOR2X1)                                       0.03       0.17 f
  U21919/Y (NAND3X1)                                      0.04       0.21 r
  U21925/Y (NAND2X1)                                      0.03       0.24 f
  U23072/Y (XNOR2X1)                                      0.04       0.28 r
  U1661/Y (INVX1)                                         0.02       0.30 f
  U1662/Y (INVX1)                                         0.00       0.30 r
  U21926/Y (OAI21X1)                                      0.01       0.31 f
  U3075/Y (OAI21X1)                                       0.02       0.34 r
  U3077/Y (NAND3X1)                                       0.02       0.36 f
  U21933/Y (NAND3X1)                                      0.05       0.41 r
  U21934/YS (FAX1)                                        0.09       0.50 f
  U21941/Y (AOI22X1)                                      0.05       0.55 r
  U16471/Y (XNOR2X1)                                      0.03       0.59 f
  U21942/Y (OAI21X1)                                      0.02       0.61 r
  U2502/Y (INVX1)                                         0.03       0.63 f
  U21953/Y (NAND3X1)                                      0.03       0.67 r
  U21954/Y (NAND3X1)                                      0.03       0.69 f
  U21955/YS (FAX1)                                        0.08       0.78 f
  U2461/Y (AND2X2)                                        0.04       0.81 f
  U1853/Y (XOR2X1)                                        0.04       0.86 r
  U1852/Y (XNOR2X1)                                       0.06       0.92 r
  U21967/Y (NAND2X1)                                      0.02       0.95 f
  U21968/Y (NAND3X1)                                      0.05       0.99 r
  U3299/Y (NAND2X1)                                       0.03       1.02 f
  U14295/Y (AND2X2)                                       0.05       1.06 f
  U815/Y (XNOR2X1)                                        0.05       1.11 r
  U2987/Y (NAND3X1)                                       0.02       1.13 f
  U21982/Y (NAND2X1)                                      0.01       1.14 r
  U14293/Y (INVX1)                                        0.03       1.17 f
  U7432/Y (AND2X2)                                        0.04       1.21 f
  U21991/Y (NAND3X1)                                      0.03       1.24 r
  U22002/Y (NAND2X1)                                      0.03       1.27 f
  U21992/YS (FAX1)                                        0.07       1.34 r
  U12508/Y (INVX1)                                        0.02       1.36 f
  U22001/Y (NAND3X1)                                      0.03       1.39 r
  U2803/Y (NAND2X1)                                       0.02       1.41 f
  U2804/Y (INVX1)                                         0.02       1.43 r
  U3685/Y (XNOR2X1)                                       0.04       1.47 r
  U2568/Y (NOR2X1)                                        0.03       1.49 f
  U22014/Y (OAI21X1)                                      0.05       1.54 r
  U2133/Y (AND2X2)                                        0.04       1.58 r
  U22028/Y (NAND2X1)                                      0.02       1.60 f
  U22029/Y (NAND2X1)                                      0.01       1.62 r
  U1945/Y (INVX1)                                         0.02       1.64 f
  U1791/Y (INVX1)                                         0.00       1.64 r
  U2806/Y (AND2X2)                                        0.04       1.68 r
  U22032/Y (OAI21X1)                                      0.02       1.70 f
  U2807/Y (NOR2X1)                                        0.03       1.73 r
  U3645/Y (AND2X2)                                        0.03       1.76 r
  U22055/Y (AOI21X1)                                      0.01       1.77 f
  U22056/Y (AND2X2)                                       0.03       1.81 f
  U22077/Y (NAND2X1)                                      0.03       1.83 r
  U2064/Y (INVX1)                                         0.03       1.87 f
  U22085/Y (XOR2X1)                                       0.03       1.90 f
  U2845/Y (OAI21X1)                                       0.05       1.95 r
  U3177/Y (NAND2X1)                                       0.03       1.98 f
  U22095/Y (NAND3X1)                                      0.05       2.02 r
  U3637/Y (INVX1)                                         0.02       2.05 f
  U3638/Y (INVX1)                                         0.00       2.05 r
  U22097/Y (NAND2X1)                                      0.01       2.06 f
  U22099/Y (NAND2X1)                                      0.02       2.08 r
  U3641/Y (INVX1)                                         0.03       2.10 f
  U22119/Y (OAI21X1)                                      0.04       2.14 r
  U1178/Y (INVX1)                                         0.02       2.17 f
  U2988/Y (NAND2X1)                                       0.02       2.18 r
  U1623/Y (INVX1)                                         0.02       2.21 f
  U1624/Y (INVX1)                                         0.00       2.21 r
  U12515/Y (AND2X2)                                       0.04       2.25 r
  U801/Y (AND2X2)                                         0.04       2.29 r
  U22221/Y (NOR2X1)                                       0.02       2.31 f
  U22222/Y (NAND3X1)                                      0.03       2.34 r
  U22224/Y (NAND2X1)                                      0.03       2.37 f
  U22225/YS (FAX1)                                        0.07       2.44 r
  U2267/Y (INVX1)                                         0.03       2.46 f
  U14303/Y (AND2X2)                                       0.05       2.51 f
  U22330/Y (XOR2X1)                                       0.05       2.56 r
  U22331/Y (NAND2X1)                                      0.02       2.59 f
  U22332/Y (NAND2X1)                                      0.06       2.64 r
  U22333/YS (FAX1)                                        0.11       2.75 f
  U22334/Y (NAND3X1)                                      0.04       2.79 r
  U7878/Y (AND2X2)                                        0.05       2.85 r
  U27585/Y (NAND2X1)                                      0.02       2.87 f
  U27586/Y (OAI21X1)                                      0.03       2.90 r
  U27589/Y (AND2X2)                                       0.04       2.94 r
  U27590/Y (XNOR2X1)                                      0.06       2.99 r
  U27591/Y (NAND2X1)                                      0.03       3.02 f
  U27592/Y (NAND3X1)                                      0.03       3.06 r
  U11241/Y (INVX1)                                        0.03       3.08 f
  U27607/Y (OAI21X1)                                      0.05       3.13 r
  U27674/Y (NAND2X1)                                      0.02       3.16 f
  U11358/Y (INVX1)                                        0.02       3.17 r
  U777/Y (INVX1)                                          0.01       3.18 f
  U3487/Y (NAND2X1)                                       0.05       3.23 r
  U27825/YS (FAX1)                                        0.09       3.32 f
  U27927/Y (AND2X2)                                       0.04       3.36 f
  U27930/Y (OAI21X1)                                      0.05       3.41 r
  U27994/Y (NAND2X1)                                      0.03       3.44 f
  U1141/Y (AND2X2)                                        0.04       3.47 f
  U1549/Y (INVX1)                                         0.00       3.47 r
  U2375/Y (AND2X2)                                        0.04       3.51 r
  U737/Y (INVX2)                                          0.03       3.54 f
  U27999/YS (FAX1)                                        0.08       3.61 r
  U11192/Y (INVX1)                                        0.02       3.64 f
  U28004/Y (NAND3X1)                                      0.03       3.67 r
  U28005/Y (OAI21X1)                                      0.02       3.69 f
  U11339/Y (INVX1)                                        0.01       3.70 r
  U1674/Y (AND2X2)                                        0.04       3.74 r
  U8824/Y (INVX2)                                         0.03       3.77 f
  U28012/YS (FAX1)                                        0.08       3.85 f
  U28018/Y (NAND3X1)                                      0.03       3.88 r
  U28019/Y (NAND2X1)                                      0.02       3.90 f
  U3231/Y (INVX1)                                         0.00       3.90 r
  U3232/Y (INVX1)                                         0.02       3.92 f
  U28156/Y (NAND3X1)                                      0.03       3.95 r
  U28157/Y (NAND2X1)                                      0.02       3.97 f
  U28226/Y (OAI21X1)                                      0.05       4.03 r
  U2931/Y (OAI21X1)                                       0.02       4.05 f
  U11639/Y (INVX1)                                        0.00       4.05 r
  U28269/Y (NAND2X1)                                      0.01       4.06 f
  U2957/Y (INVX1)                                         0.01       4.07 r
  U2956/Y (NOR3X1)                                        0.03       4.10 f
  U2960/Y (INVX1)                                         0.01       4.10 r
  U28279/Y (NAND3X1)                                      0.01       4.11 f
  vgg16_conv/vgg16_bram_addra_reg[19]/D (DFFPOSX1)        0.00       4.11 f
  data arrival time                                                  4.11

  clock clk (rise edge)                                   0.00       0.00
  clock network delay (ideal)                             0.00       0.00
  vgg16_conv/vgg16_bram_addra_reg[19]/CLK (DFFPOSX1)      0.00       0.00 r
  library setup time                                     -0.06      -0.06
  data required time                                                -0.06
  --------------------------------------------------------------------------
  data required time                                                -0.06
  data arrival time                                                 -4.11
  --------------------------------------------------------------------------
  slack (VIOLATED)                                                  -4.17


1
