 
****************************************
Report : timing
        -path full
        -delay max
        -max_paths 1
Design : vgg16_top
Version: V-2023.12-SP5
Date   : Tue Aug 26 20:46:37 2025
****************************************

Operating Conditions: typical   Library: gscl45nm
Wire Load Model Mode: top

  Startpoint: vgg16_conv/count_reg[31]
              (rising edge-triggered flip-flop clocked by clk)
  Endpoint: vgg16_conv/vgg16_bram_addra_reg[18]
            (rising edge-triggered flip-flop clocked by clk)
  Path Group: clk
  Path Type: max

  Point                                                   Incr       Path
  --------------------------------------------------------------------------
  clock clk (rise edge)                                   0.00       0.00
  clock network delay (ideal)                             0.00       0.00
  vgg16_conv/count_reg[31]/CLK (DFFPOSX1)                 0.00       0.00 r
  vgg16_conv/count_reg[31]/Q (DFFPOSX1)                   0.11       0.11 f
  U4770/Y (NAND2X1)                                       0.03       0.14 r
  U4768/Y (XNOR2X1)                                       0.04       0.18 r
  U4769/Y (NAND3X1)                                       0.02       0.20 f
  U4967/Y (NAND2X1)                                       0.02       0.22 r
  U835/Y (INVX1)                                          0.02       0.24 f
  U836/Y (INVX1)                                          0.00       0.24 r
  U4913/Y (NAND2X1)                                       0.01       0.25 f
  U4910/Y (NAND2X1)                                       0.03       0.28 r
  U4909/Y (NAND2X1)                                       0.02       0.30 f
  U4908/Y (AND2X2)                                        0.04       0.34 f
  U4520/Y (INVX1)                                         0.00       0.34 r
  U2393/Y (NAND2X1)                                       0.01       0.35 f
  U4519/Y (NAND3X1)                                       0.06       0.41 r
  U4516/YS (FAX1)                                         0.09       0.50 f
  U4517/Y (AOI22X1)                                       0.05       0.54 r
  U3956/Y (XNOR2X1)                                       0.04       0.59 r
  U4560/Y (INVX1)                                         0.03       0.61 f
  U4558/Y (NOR2X1)                                        0.03       0.64 r
  U4559/Y (MUX2X1)                                        0.02       0.67 f
  U4691/Y (NAND2X1)                                       0.02       0.69 r
  U3828/Y (XNOR2X1)                                       0.03       0.72 f
  U4688/Y (NAND2X1)                                       0.02       0.74 r
  U4690/Y (INVX1)                                         0.03       0.77 f
  U3762/Y (XOR2X1)                                        0.05       0.82 r
  U3955/Y (XNOR2X1)                                       0.07       0.89 r
  U4848/Y (NAND2X1)                                       0.03       0.92 f
  U4780/Y (NAND3X1)                                       0.03       0.95 r
  U4882/Y (NAND2X1)                                       0.02       0.97 f
  U4883/Y (NAND2X1)                                       0.02       0.99 r
  U4626/Y (XOR2X1)                                        0.04       1.03 f
  U4622/Y (NAND2X1)                                       0.02       1.06 r
  U3677/Y (INVX1)                                         0.03       1.09 f
  U4387/Y (NOR2X1)                                        0.03       1.12 r
  U4383/Y (NAND2X1)                                       0.02       1.14 f
  U833/Y (XNOR2X1)                                        0.03       1.17 f
  U5316/Y (BUFX2)                                         0.04       1.21 f
  U4941/Y (NAND3X1)                                       0.04       1.25 r
  U3223/Y (AND2X2)                                        0.03       1.28 r
  U4009/Y (AND2X2)                                        0.05       1.33 r
  U4670/Y (XOR2X1)                                        0.06       1.39 r
  U4664/Y (NOR2X1)                                        0.03       1.42 f
  U4666/Y (INVX1)                                         0.00       1.42 r
  U4791/Y (NAND2X1)                                       0.02       1.43 f
  U4790/Y (NAND3X1)                                       0.05       1.48 r
  U4350/Y (INVX2)                                         0.03       1.51 f
  U5557/Y (NOR3X1)                                        0.05       1.56 r
  U5558/Y (AOI21X1)                                       0.03       1.60 f
  U3926/Y (BUFX2)                                         0.04       1.64 f
  U4662/Y (XNOR2X1)                                       0.06       1.69 r
  U4312/Y (NAND2X1)                                       0.03       1.72 f
  U3853/Y (XNOR2X1)                                       0.04       1.77 r
  U4301/Y (AND2X2)                                        0.04       1.80 r
  U4302/Y (INVX1)                                         0.02       1.82 f
  U3495/Y (AND2X2)                                        0.04       1.86 f
  U4804/Y (OAI21X1)                                       0.03       1.88 r
  U3823/Y (AND2X2)                                        0.03       1.92 r
  U3824/Y (INVX1)                                         0.02       1.94 f
  U4646/Y (NAND3X1)                                       0.03       1.97 r
  U4647/Y (NAND2X1)                                       0.02       1.99 f
  U3741/Y (AND2X2)                                        0.04       2.03 f
  U4587/Y (INVX1)                                         0.00       2.03 r
  U4599/Y (NAND2X1)                                       0.01       2.05 f
  U5415/Y (INVX1)                                         0.01       2.06 r
  U3276/Y (AND2X2)                                        0.04       2.09 r
  U5413/Y (INVX1)                                         0.02       2.11 f
  U21368/Y (NAND2X1)                                      0.02       2.13 r
  U5498/Y (INVX1)                                         0.03       2.16 f
  U21370/Y (NAND2X1)                                      0.03       2.19 r
  U6298/Y (AND2X2)                                        0.06       2.25 r
  U754/Y (INVX2)                                          0.03       2.28 f
  U760/Y (AND2X2)                                         0.05       2.32 f
  U961/Y (INVX8)                                          0.02       2.34 r
  U5140/YS (FAX1)                                         0.10       2.44 f
  U4480/Y (INVX1)                                         0.01       2.44 r
  U4478/Y (INVX1)                                         0.02       2.46 f
  U4475/Y (NAND3X1)                                       0.04       2.51 r
  U4473/Y (XNOR2X1)                                       0.04       2.55 r
  U4294/Y (NAND2X1)                                       0.03       2.58 f
  U3761/Y (XNOR2X1)                                       0.06       2.64 r
  U3760/Y (XNOR2X1)                                       0.04       2.68 f
  U4402/Y (OAI21X1)                                       0.03       2.71 r
  U4403/Y (NAND2X1)                                       0.02       2.73 f
  U25943/Y (OAI21X1)                                      0.06       2.79 r
  U981/Y (AND2X2)                                         0.04       2.83 r
  U5216/Y (INVX1)                                         0.03       2.86 f
  U25945/YS (FAX1)                                        0.08       2.95 f
  U5805/Y (XNOR2X1)                                       0.06       3.00 r
  U3499/Y (INVX1)                                         0.03       3.03 f
  U3731/Y (INVX1)                                         0.02       3.05 r
  U26008/Y (NAND2X1)                                      0.02       3.06 f
  U5269/Y (OAI21X1)                                       0.05       3.11 r
  U3393/Y (INVX1)                                         0.03       3.14 f
  U26186/Y (NAND3X1)                                      0.03       3.17 r
  U6210/Y (NAND2X1)                                       0.02       3.19 f
  U5337/Y (NAND2X1)                                       0.03       3.22 r
  U992/Y (AND2X2)                                         0.04       3.27 r
  U993/Y (INVX1)                                          0.03       3.30 f
  U1589/Y (AND2X2)                                        0.04       3.33 f
  U3718/Y (XNOR2X1)                                       0.03       3.36 f
  U5112/Y (AND2X2)                                        0.04       3.40 f
  U5110/Y (INVX1)                                         0.01       3.40 r
  U5109/Y (AND2X2)                                        0.03       3.44 r
  U5002/Y (INVX1)                                         0.02       3.45 f
  U5104/Y (NAND3X1)                                       0.03       3.49 r
  U5100/Y (BUFX2)                                         0.04       3.53 r
  U5099/Y (NAND2X1)                                       0.02       3.55 f
  U1397/Y (NAND3X1)                                       0.04       3.58 r
  U5149/Y (NAND3X1)                                       0.03       3.61 f
  U5342/YS (FAX1)                                         0.09       3.70 f
  U5484/Y (BUFX2)                                         0.04       3.74 f
  U26326/YS (FAX1)                                        0.09       3.83 f
  U786/Y (INVX1)                                          0.00       3.83 r
  U5166/Y (INVX1)                                         0.02       3.84 f
  U5169/Y (NAND3X1)                                       0.03       3.87 r
  U5167/Y (NAND2X1)                                       0.02       3.90 f
  U5160/Y (NAND3X1)                                       0.04       3.94 r
  U5157/Y (NAND2X1)                                       0.02       3.96 f
  U5158/Y (OAI21X1)                                       0.03       3.99 r
  U6039/Y (NOR2X1)                                        0.02       4.01 f
  U4285/Y (INVX1)                                         0.00       4.01 r
  U4284/Y (NAND3X1)                                       0.01       4.01 f
  U4287/Y (INVX1)                                         0.01       4.02 r
  U28143/Y (NAND3X1)                                      0.01       4.03 f
  vgg16_conv/vgg16_bram_addra_reg[18]/D (DFFPOSX1)        0.00       4.03 f
  data arrival time                                                  4.03

  clock clk (rise edge)                                   0.00       0.00
  clock network delay (ideal)                             0.00       0.00
  vgg16_conv/vgg16_bram_addra_reg[18]/CLK (DFFPOSX1)      0.00       0.00 r
  library setup time                                     -0.06      -0.06
  data required time                                                -0.06
  --------------------------------------------------------------------------
  data required time                                                -0.06
  data arrival time                                                 -4.03
  --------------------------------------------------------------------------
  slack (VIOLATED)                                                  -4.08


1
