Loading db file '/home/UFAD/a.chatterjee/Desktop/lab_work/oasis/lib/gsc/db/gscl45nm.db'
Information: Propagating switching activity (low effort zero delay simulation). (PWR-6)
Warning: There is no defined clock in the design. (PWR-80)
Warning: Design has unannotated primary inputs. (PWR-414)
Warning: Design has unannotated sequential cell outputs. (PWR-415)
Warning: Design has unannotated black box outputs. (PWR-428)
 
****************************************
Report : power
        -analysis_effort low
Design : vgg16_top
Version: V-2023.12-SP5
Date   : Tue Aug 26 20:46:37 2025
****************************************


Library(s) Used:

    gscl45nm (File: /home/UFAD/a.chatterjee/Desktop/lab_work/oasis/lib/gsc/db/gscl45nm.db)


Operating Conditions: typical   Library: gscl45nm
Wire Load Model Mode: top


Global Operating Voltage = 1.1  
Power-specific unit information :
    Voltage Units = 1V
    Capacitance Units = 1.000000pf
    Time Units = 1ns
    Dynamic Power Units = 1mW    (derived from V,C,T units)
    Leakage Power Units = 1nW


Attributes
----------
i - Including register clock pin internal power


  Cell Internal Power  = 146.3111 uW   (55%)
  Net Switching Power  = 120.3787 uW   (45%)
                         ---------
Total Dynamic Power    = 266.6898 uW  (100%)

Cell Leakage Power     = 399.0791 uW


                 Internal         Switching           Leakage            Total
Power Group      Power            Power               Power              Power   (   %    )  Attrs
--------------------------------------------------------------------------------------------------
io_pad             0.0000            0.0000            0.0000            0.0000  (   0.00%)
memory             0.0000            0.0000            0.0000            0.0000  (   0.00%)
black_box          0.0000            0.0000            0.0000            0.0000  (   0.00%)
clock_network  8.0230e-02        8.2246e-02        3.3234e+04            0.1957  (  29.40%)  i
register       4.1482e-02        2.3857e-03        5.1899e+04        9.5766e-02  (  14.38%)
sequential         0.0000            0.0000            0.0000            0.0000  (   0.00%)
combinational  2.4599e-02        3.5747e-02        3.1395e+05            0.3743  (  56.22%)
--------------------------------------------------------------------------------------------------
Total              0.1463 mW         0.1204 mW     3.9908e+05 nW         0.6658 mW
1
