Loading db file '/home/UFAD/a.chatterjee/Desktop/lab_work/oasis/lib/gsc/db/gscl45nm.db'
Information: Propagating switching activity (low effort zero delay simulation). (PWR-6)
Warning: There is no defined clock in the design. (PWR-80)
Warning: Design has unannotated primary inputs. (PWR-414)
Warning: Design has unannotated sequential cell outputs. (PWR-415)
Warning: Design has unannotated black box outputs. (PWR-428)
 
****************************************
Report : power
        -analysis_effort low
Design : vgg16_top
Version: V-2023.12-SP5
Date   : Tue Aug 26 20:51:26 2025
****************************************


Library(s) Used:

    gscl45nm (File: /home/UFAD/a.chatterjee/Desktop/lab_work/oasis/lib/gsc/db/gscl45nm.db)


Operating Conditions: typical   Library: gscl45nm
Wire Load Model Mode: top


Global Operating Voltage = 1.1  
Power-specific unit information :
    Voltage Units = 1V
    Capacitance Units = 1.000000pf
    Time Units = 1ns
    Dynamic Power Units = 1mW    (derived from V,C,T units)
    Leakage Power Units = 1nW


Attributes
----------
i - Including register clock pin internal power


  Cell Internal Power  = 147.4354 uW   (55%)
  Net Switching Power  = 121.5140 uW   (45%)
                         ---------
Total Dynamic Power    = 268.9493 uW  (100%)

Cell Leakage Power     = 405.8735 uW


                 Internal         Switching           Leakage            Total
Power Group      Power            Power               Power              Power   (   %    )  Attrs
--------------------------------------------------------------------------------------------------
io_pad             0.0000            0.0000            0.0000            0.0000  (   0.00%)
memory             0.0000            0.0000            0.0000            0.0000  (   0.00%)
black_box          0.0000            0.0000            0.0000            0.0000  (   0.00%)
clock_network  8.1611e-02        8.3062e-02        3.3977e+04            0.1987  (  29.44%)  i
register       4.1482e-02        2.3857e-03        5.1899e+04        9.5766e-02  (  14.19%)
sequential         0.0000            0.0000            0.0000            0.0000  (   0.00%)
combinational  2.4343e-02        3.6066e-02        3.2000e+05            0.3804  (  56.37%)
--------------------------------------------------------------------------------------------------
Total              0.1474 mW         0.1215 mW     4.0587e+05 nW         0.6748 mW
1
