 
****************************************
Report : timing
        -path full
        -delay max
        -max_paths 1
Design : combinational_trojan_3
Version: V-2023.12-SP5
Date   : Thu Jun  5 23:10:00 2025
****************************************

Operating Conditions: typical   Library: gscl45nm
Wire Load Model Mode: top

  Startpoint: data_in_0[0]
              (input port)
  Endpoint: data_payload_out[7]
            (output port)
  Path Group: (none)
  Path Type: max

  Point                                    Incr       Path
  -----------------------------------------------------------
  input external delay                     0.00       0.00 f
  data_in_0[0] (in)                        0.00       0.00 f
  U18/Y (AND2X1)                           0.05       0.05 f
  add_14/U1_1/YC (FAX1)                    0.08       0.13 f
  add_14/U1_2/YC (FAX1)                    0.08       0.22 f
  add_14/U1_3/YC (FAX1)                    0.08       0.30 f
  add_14/U1_4/YC (FAX1)                    0.08       0.38 f
  add_14/U1_5/YC (FAX1)                    0.08       0.46 f
  add_14/U1_6/YC (FAX1)                    0.07       0.53 f
  U11/Y (NOR3X1)                           0.02       0.56 r
  U12/Y (INVX1)                            0.03       0.58 f
  U32/Y (NOR3X1)                           0.05       0.64 r
  U31/Y (NAND3X1)                          0.02       0.66 f
  U15/Y (BUFX2)                            0.05       0.70 f
  U13/Y (AND2X1)                           0.06       0.76 f
  U19/Y (AND2X1)                           0.05       0.81 f
  add_19_aco/U1_2/YC (FAX1)                0.08       0.89 f
  U20/Y (AND2X1)                           0.05       0.93 f
  U21/Y (AND2X1)                           0.05       0.98 f
  U22/Y (AND2X1)                           0.05       1.03 f
  U14/Y (AND2X1)                           0.04       1.07 f
  U29/Y (XOR2X1)                           0.04       1.11 r
  data_payload_out[7] (out)                0.00       1.11 r
  data arrival time                                   1.11
  -----------------------------------------------------------
  (Path is unconstrained)


1
