 
****************************************
Report : timing
        -path full
        -delay max
        -max_paths 1
Design : combinational_trojan_3
Version: V-2023.12-SP5
Date   : Wed Jun  4 15:44:57 2025
****************************************

Operating Conditions: typical   Library: gscl45nm
Wire Load Model Mode: top

  Startpoint: data_in[1][1]
              (input port)
  Endpoint: data_payload_out[7]
            (output port)
  Path Group: (none)
  Path Type: max

  Point                                    Incr       Path
  -----------------------------------------------------------
  input external delay                     0.00       0.00 r
  data_in[1][1] (in)                       0.00       0.00 r
  U47/Y (NAND3X1)                          0.02       0.02 f
  U19/Y (BUFX2)                            0.03       0.05 f
  U44/Y (NOR3X1)                           0.05       0.10 r
  U43/Y (NAND3X1)                          0.02       0.12 f
  U25/Y (BUFX2)                            0.03       0.15 f
  U38/Y (NOR3X1)                           0.10       0.26 r
  U30/Y (AND2X1)                           0.05       0.31 r
  U26/Y (AND2X1)                           0.05       0.36 r
  add_21_aco/U1_2/YC (FAX1)                0.07       0.43 r
  U27/Y (AND2X1)                           0.05       0.48 r
  U28/Y (AND2X1)                           0.05       0.52 r
  U29/Y (AND2X1)                           0.05       0.57 r
  U20/Y (AND2X1)                           0.04       0.61 r
  U37/Y (XOR2X1)                           0.05       0.65 r
  data_payload_out[7] (out)                0.00       0.65 r
  data arrival time                                   0.65
  -----------------------------------------------------------
  (Path is unconstrained)


1
