 
****************************************
Report : area
Design : combinational_trojan_3
Version: V-2023.12-SP5
Date   : Thu Jun  5 23:09:51 2025
****************************************

Information: Updating design information... (UID-85)
Library(s) Used:

    gscl45nm (File: /home/UFAD/a.chatterjee/Desktop/lab_work/oasis/lib/gsc/db/gscl45nm.db)

Number of ports:                           40
Number of nets:                            89
Number of cells:                           42
Number of combinational cells:             42
Number of sequential cells:                 0
Number of macros/black boxes:               0
Number of buf/inv:                          4
Number of references:                       8

Combinational area:                216.816603
Buf/Inv area:                        6.570200
Noncombinational area:               0.000000
Macro/Black Box area:                0.000000
Net Interconnect area:      undefined  (No wire load specified)

Total cell area:                   216.816603
Total area:                 undefined
1
