 
****************************************
Report : timing
        -path full
        -delay max
        -max_paths 1
Design : combinational_trojan_3
Version: V-2023.12-SP5
Date   : Thu Jun  5 23:09:51 2025
****************************************

Operating Conditions: typical   Library: gscl45nm
Wire Load Model Mode: top

  Startpoint: data_in_0[0]
              (input port)
  Endpoint: data_payload_out[7]
            (output port)
  Path Group: (none)
  Path Type: max

  Point                                    Incr       Path
  -----------------------------------------------------------
  input external delay                     0.00       0.00 r
  data_in_0[0] (in)                        0.00       0.00 r
  U22/Y (AND2X1)                           0.06       0.06 r
  add_1_root_add_14_2/U1_1/YS (FAX1)       0.10       0.16 f
  add_0_root_add_14_2/U1_1/YC (FAX1)       0.09       0.25 f
  add_0_root_add_14_2/U1_2/YC (FAX1)       0.08       0.33 f
  add_0_root_add_14_2/U1_3/YC (FAX1)       0.08       0.41 f
  add_0_root_add_14_2/U1_4/YC (FAX1)       0.08       0.49 f
  add_0_root_add_14_2/U1_5/YC (FAX1)       0.08       0.57 f
  add_0_root_add_14_2/U1_6/YC (FAX1)       0.08       0.65 f
  add_0_root_add_14_2/U1_7/YC (FAX1)       0.07       0.72 f
  U13/Y (OR2X1)                            0.04       0.77 f
  U37/Y (NOR3X1)                           0.05       0.81 r
  U18/Y (INVX1)                            0.03       0.84 f
  U14/Y (NOR3X1)                           0.02       0.86 r
  U15/Y (INVX1)                            0.06       0.92 f
  U16/Y (AND2X1)                           0.06       0.98 f
  U24/Y (AND2X1)                           0.05       1.02 f
  add_19_aco/U1_2/YC (FAX1)                0.08       1.11 f
  U25/Y (AND2X1)                           0.05       1.15 f
  U26/Y (AND2X1)                           0.05       1.20 f
  U27/Y (AND2X1)                           0.05       1.24 f
  U17/Y (AND2X1)                           0.04       1.28 f
  U34/Y (XOR2X1)                           0.04       1.33 r
  data_payload_out[7] (out)                0.00       1.33 r
  data arrival time                                   1.33
  -----------------------------------------------------------
  (Path is unconstrained)


1
