Warning: Design 'resnet18' has '325' unresolved references. For more detailed information, use the "link" command. (UID-341)
 
****************************************
Report : area
Design : resnet18
Version: V-2023.12-SP5
Date   : Sun Apr 20 02:15:58 2025
****************************************

Information: Updating design information... (UID-85)
Warning: Design 'resnet18' contains 1 high-fanout nets. A fanout number of 1000 will be used for delay calculations involving these nets. (TIM-134)
Library(s) Used:

    gscl45nm (File: /home/UFAD/a.chatterjee/Desktop/lab_work/oasis/lib/gsc/db/gscl45nm.db)

Number of ports:                          365
Number of nets:                        815116
Number of cells:                       784540
Number of combinational cells:         637005
Number of sequential cells:            147492
Number of macros/black boxes:               0
Number of buf/inv:                     207985
Number of references:                     346

Combinational area:            1665973.683970
Buf/Inv area:                   312803.930675
Noncombinational area:         1174113.016651
Macro/Black Box area:                0.000000
Net Interconnect area:      undefined  (No wire load specified)

Total cell area:               2840086.700621
Total area:                 undefined

Information: This design contains black box (unknown) components. (RPT-8)
1
