Warning: Design 'resnet18' has '325' unresolved references. For more detailed information, use the "link" command. (UID-341)
 
****************************************
Report : timing
        -path full
        -delay max
        -max_paths 1
Design : resnet18
Version: V-2023.12-SP5
Date   : Mon Apr 21 01:38:03 2025
****************************************

 # A fanout number of 1000 was used for high fanout net computations.

Operating Conditions: typical   Library: gscl45nm
Wire Load Model Mode: top

  Startpoint: _reduceadd_prev_count_max_77_reg
              (rising edge-triggered flip-flop clocked by CLK)
  Endpoint: _reduceadd_data_77_reg[63]
            (rising edge-triggered flip-flop clocked by CLK)
  Path Group: CLK
  Path Type: max

  Point                                                   Incr       Path
  --------------------------------------------------------------------------
  clock CLK (rise edge)                                   0.00       0.00
  clock network delay (ideal)                             0.00       0.00
  _reduceadd_prev_count_max_77_reg/CLK (DFFPOSX1)         0.00 #     0.00 r
  _reduceadd_prev_count_max_77_reg/Q (DFFPOSX1)           0.11       0.11 f
  U598004/Y (NOR2X1)                                      0.04       0.15 r
  U564812/Y (AND2X2)                                      0.04       0.19 r
  U1266276/Y (NAND3X1)                                    0.01       0.21 f
  U1266280/Y (NAND3X1)                                    0.05       0.26 r
  U1266302/Y (NAND3X1)                                    0.03       0.28 f
  U1266304/Y (NAND3X1)                                    0.03       0.32 r
  U598591/Y (INVX2)                                       0.02       0.34 f
  U1266329/Y (NAND3X1)                                    0.03       0.37 r
  U1266330/Y (NAND3X1)                                    0.02       0.39 f
  U598804/Y (AND2X2)                                      0.04       0.43 f
  U1266359/Y (NAND2X1)                                    0.03       0.46 r
  U1266360/Y (NAND3X1)                                    0.02       0.48 f
  U1266361/Y (NAND3X1)                                    0.03       0.50 r
  U595159/Y (INVX1)                                       0.03       0.53 f
  U1266362/Y (OAI21X1)                                    0.02       0.56 r
  U1266382/Y (NAND3X1)                                    0.02       0.58 f
  U856626/Y (AND2X2)                                      0.04       0.61 f
  U721232/Y (AND2X2)                                      0.03       0.65 f
  U700244/Y (INVX1)                                       0.00       0.65 r
  U1266401/Y (NAND3X1)                                    0.01       0.65 f
  U1266402/Y (NAND3X1)                                    0.04       0.69 r
  U541327/Y (INVX1)                                       0.03       0.72 f
  U541326/Y (OAI21X1)                                     0.02       0.74 r
  U1266422/Y (NAND3X1)                                    0.02       0.76 f
  U558549/Y (AND2X2)                                      0.04       0.80 f
  U1266441/Y (NAND2X1)                                    0.01       0.81 r
  U1266442/Y (NAND3X1)                                    0.02       0.83 f
  U1266443/Y (NAND3X1)                                    0.03       0.86 r
  U1021640/Y (INVX1)                                      0.02       0.88 f
  U1266444/Y (OAI21X1)                                    0.02       0.90 r
  U1266467/Y (NAND3X1)                                    0.02       0.93 f
  U856625/Y (AND2X2)                                      0.04       0.96 f
  U743694/Y (AND2X2)                                      0.03       0.99 f
  U718250/Y (INVX1)                                       0.00       0.99 r
  U1266487/Y (NAND3X1)                                    0.01       1.00 f
  U1266488/Y (NAND3X1)                                    0.03       1.04 r
  U597921/Y (INVX1)                                       0.02       1.06 f
  U596541/Y (OAI21X1)                                     0.03       1.09 r
  U1266508/Y (NAND3X1)                                    0.02       1.11 f
  U856622/Y (AND2X2)                                      0.04       1.15 f
  U597955/Y (NAND2X1)                                     0.01       1.16 r
  U1266529/Y (NAND3X1)                                    0.02       1.18 f
  U1266530/Y (NAND3X1)                                    0.04       1.21 r
  U1021625/Y (INVX1)                                      0.03       1.24 f
  U1266531/Y (OAI21X1)                                    0.02       1.26 r
  U1266554/Y (NAND3X1)                                    0.02       1.28 f
  U856623/Y (AND2X2)                                      0.04       1.32 f
  U1266574/Y (NAND2X1)                                    0.01       1.33 r
  U596799/Y (NAND2X1)                                     0.02       1.35 f
  U1266575/Y (NAND3X1)                                    0.04       1.39 r
  U1021639/Y (INVX1)                                      0.02       1.42 f
  U1266576/Y (OAI21X1)                                    0.03       1.44 r
  U1266597/Y (NAND3X1)                                    0.02       1.46 f
  U856624/Y (AND2X2)                                      0.04       1.50 f
  U597956/Y (NAND2X1)                                     0.01       1.51 r
  U1266617/Y (NAND3X1)                                    0.02       1.53 f
  U1266618/Y (NAND3X1)                                    0.04       1.57 r
  U1021638/Y (INVX1)                                      0.03       1.60 f
  U1266619/Y (OAI21X1)                                    0.02       1.62 r
  U1266638/Y (NAND3X1)                                    0.02       1.64 f
  U685794/Y (AND2X2)                                      0.04       1.68 f
  U1266662/Y (NAND2X1)                                    0.01       1.69 r
  U1266663/Y (NAND3X1)                                    0.02       1.71 f
  U1266664/Y (NAND3X1)                                    0.03       1.74 r
  U856642/Y (INVX1)                                       0.02       1.77 f
  U550284/Y (AOI21X1)                                     0.04       1.81 r
  U1266690/Y (NOR3X1)                                     0.03       1.83 f
  U702070/Y (AND2X2)                                      0.04       1.87 f
  U684847/Y (INVX1)                                       0.00       1.88 r
  U1266714/Y (NAND3X1)                                    0.01       1.88 f
  U1266715/Y (NAND3X1)                                    0.03       1.92 r
  U593889/Y (INVX1)                                       0.03       1.95 f
  U1266718/Y (NAND2X1)                                    0.03       1.98 r
  U1266742/Y (AND2X2)                                     0.03       2.02 r
  U1266746/Y (AOI21X1)                                    0.02       2.04 f
  U1266749/Y (NAND2X1)                                    0.03       2.07 r
  U598178/Y (NAND2X1)                                     0.03       2.10 f
  U1266764/Y (NAND2X1)                                    0.04       2.13 r
  U1266793/Y (NAND3X1)                                    0.02       2.15 f
  U1266794/Y (NAND3X1)                                    0.03       2.18 r
  U1021616/Y (INVX1)                                      0.03       2.21 f
  U856621/Y (AND2X2)                                      0.04       2.25 f
  U1266831/Y (AOI21X1)                                    0.02       2.27 r
  U1266832/Y (AOI21X1)                                    0.03       2.29 f
  U1266834/Y (NAND2X1)                                    0.04       2.33 r
  U1266867/Y (NAND3X1)                                    0.02       2.35 f
  U1266868/Y (NAND3X1)                                    0.04       2.39 r
  U1266905/Y (NOR2X1)                                     0.03       2.42 f
  U598711/Y (NAND3X1)                                     0.04       2.46 r
  U596537/Y (INVX1)                                       0.03       2.48 f
  U1267221/Y (OAI21X1)                                    0.04       2.53 r
  U1267227/Y (NOR2X1)                                     0.03       2.56 f
  U596349/Y (AND2X2)                                      0.04       2.59 f
  U1267794/Y (NAND2X1)                                    0.02       2.62 r
  U550718/Y (NAND2X1)                                     0.02       2.64 f
  U1268183/Y (NAND2X1)                                    0.03       2.66 r
  U1268184/Y (AOI21X1)                                    0.02       2.68 f
  U1268190/Y (AOI21X1)                                    0.03       2.72 r
  U1268204/Y (NAND3X1)                                    0.01       2.73 f
  _reduceadd_data_77_reg[63]/D (DFFPOSX1)                 0.00       2.73 f
  data arrival time                                                  2.73

  clock CLK (rise edge)                                   0.00       0.00
  clock network delay (ideal)                             0.00       0.00
  _reduceadd_data_77_reg[63]/CLK (DFFPOSX1)               0.00       0.00 r
  library setup time                                     -0.06      -0.06
  data required time                                                -0.06
  --------------------------------------------------------------------------
  data required time                                                -0.06
  data arrival time                                                 -2.73
  --------------------------------------------------------------------------
  slack (VIOLATED)                                                  -2.79


1
