Warning: Design 'resnet18' has '325' unresolved references. For more detailed information, use the "link" command. (UID-341)
 
****************************************
Report : timing
        -path full
        -delay max
        -max_paths 1
Design : resnet18
Version: V-2023.12-SP5
Date   : Sun Apr 20 02:17:49 2025
****************************************

 # A fanout number of 1000 was used for high fanout net computations.

Operating Conditions: typical   Library: gscl45nm
Wire Load Model Mode: top

  Startpoint: _saxi_register_fsm_reg[9]
              (rising edge-triggered flip-flop)
  Endpoint: saxi_awready
            (output port)
  Path Group: (none)
  Path Type: max

  Point                                                   Incr       Path
  --------------------------------------------------------------------------
  _saxi_register_fsm_reg[9]/CLK (DFFPOSX1)                0.00 #     0.00 r
  _saxi_register_fsm_reg[9]/Q (DFFPOSX1)                  0.11       0.11 f
  U1097010/Y (OR2X1)                                      0.05       0.16 f
  U1097009/Y (NOR3X1)                                     0.05       0.21 r
  U549486/Y (AND2X1)                                      0.04       0.25 r
  U549487/Y (INVX1)                                       0.02       0.27 f
  U1097006/Y (NOR3X1)                                     0.05       0.32 r
  U1097005/Y (NAND3X1)                                    0.02       0.34 f
  U1097004/Y (INVX1)                                      0.04       0.38 r
  U1097003/Y (NAND3X1)                                    0.02       0.40 f
  U658655/Y (BUFX2)                                       0.04       0.43 f
  U1097001/Y (NOR3X1)                                     0.05       0.49 r
  saxi_awready (out)                                      0.00       0.49 r
  data arrival time                                                  0.49
  --------------------------------------------------------------------------
  (Path is unconstrained)


1
