Loading db file '/home/UFAD/a.chatterjee/Desktop/lab_work/oasis/lib/gsc/db/gscl45nm.db'
Information: Propagating switching activity (low effort zero delay simulation). (PWR-6)
Warning: There is no defined clock in the design. (PWR-80)
Warning: Design has unannotated primary inputs. (PWR-414)
Warning: Design has unannotated sequential cell outputs. (PWR-415)
Warning: Design has unannotated black box outputs. (PWR-428)
 
****************************************
Report : power
        -analysis_effort low
Design : resnet18
Version: V-2023.12-SP5
Date   : Mon Apr 21 01:37:50 2025
****************************************


Library(s) Used:

    gscl45nm (File: /home/UFAD/a.chatterjee/Desktop/lab_work/oasis/lib/gsc/db/gscl45nm.db)


Operating Conditions: typical   Library: gscl45nm
Wire Load Model Mode: top


Global Operating Voltage = 1.1  
Power-specific unit information :
    Voltage Units = 1V
    Capacitance Units = 1.000000pf
    Time Units = 1ns
    Dynamic Power Units = 1mW    (derived from V,C,T units)
    Leakage Power Units = 1nW


Attributes
----------
i - Including register clock pin internal power


  Cell Internal Power  =   4.9417 mW   (79%)
  Net Switching Power  =   1.2826 mW   (21%)
                         ---------
Total Dynamic Power    =   6.2243 mW  (100%)

Cell Leakage Power     =  15.7256 mW


                 Internal         Switching           Leakage            Total
Power Group      Power            Power               Power              Power   (   %    )  Attrs
--------------------------------------------------------------------------------------------------
io_pad             0.0000            0.0000            0.0000            0.0000  (   0.00%)
memory             0.0000            0.0000            0.0000            0.0000  (   0.00%)
black_box          0.0000            0.0000            0.0000            0.0000  (   0.00%)
clock_network      2.0531            1.0630        9.2072e+04            3.2082  (  14.62%)  i
register       4.6359e-02        2.3150e-02        8.0813e+06            8.1509  (  37.13%)
sequential         0.0000            0.0000            0.0000            0.0000  (   0.00%)
combinational      2.8422            0.1964        7.5522e+06           10.5908  (  48.25%)
--------------------------------------------------------------------------------------------------
Total              4.9416 mW         1.2826 mW     1.5726e+07 nW        21.9499 mW
1
