 
****************************************
Report : timing
        -path full
        -delay max
        -max_paths 1
Design : combinational_trojan_and_10
Version: V-2023.12-SP5
Date   : Mon Aug 25 14:15:13 2025
****************************************

Operating Conditions: typical   Library: gscl45nm
Wire Load Model Mode: top

  Startpoint: data_in[2][6]
              (input port)
  Endpoint: data_payload_out[7]
            (output port)
  Path Group: (none)
  Path Type: max

  Point                                    Incr       Path
  -----------------------------------------------------------
  input external delay                     0.00       0.00 f
  data_in[2][6] (in)                       0.00       0.00 f
  U41/Y (OR2X1)                            0.05       0.05 f
  U40/Y (NOR3X1)                           0.05       0.10 r
  U16/Y (INVX1)                            0.03       0.12 f
  U15/Y (NOR3X1)                           0.02       0.15 r
  U17/Y (INVX1)                            0.03       0.17 f
  U18/Y (AND2X1)                           0.04       0.22 f
  U27/Y (INVX1)                            0.00       0.22 r
  U39/Y (AOI21X1)                          0.01       0.23 f
  U26/Y (BUFX2)                            0.05       0.28 f
  U19/Y (AND2X1)                           0.06       0.33 f
  U28/Y (AND2X1)                           0.05       0.38 f
  add_29_aco/U1_2/YC (FAX1)                0.08       0.46 f
  U29/Y (AND2X1)                           0.05       0.50 f
  U30/Y (AND2X1)                           0.05       0.55 f
  U31/Y (AND2X1)                           0.05       0.60 f
  U25/Y (AND2X1)                           0.04       0.64 f
  U38/Y (XOR2X1)                           0.04       0.68 r
  data_payload_out[7] (out)                0.00       0.68 r
  data arrival time                                   0.68
  -----------------------------------------------------------
  (Path is unconstrained)


1
